MO buffer NULL buffer.v vlg1E/buffer.bin 1507882226
MO bit4_hadder NULL bit4_hadder.v vlg0A/bit4__hadder.bin 1508036371
MO id_fsm NULL ../../id_fsm.v vlg66/id__fsm.bin 1507957504
MO code NULL code.v vlg07/code.bin 1507971675
MO digital_pipe NULL digital_pipe.v vlg7F/digital__pipe.bin 1508036384
